// Jest Snapshot v1, https://goo.gl/fbAQLP

exports[`rosDatatypesToMessageDefinition Includes all of the definitions for "visualization_msgs/StudioMarkerArray" 1`] = `
[
  {
    "definitions": [
      {
        "isArray": true,
        "isComplex": true,
        "name": "markers",
        "type": "visualization_msgs/Marker",
      },
    ],
  },
  {
    "definitions": [
      {
        "isConstant": true,
        "name": "ARROW",
        "type": "uint8",
        "value": 0,
        "valueText": "0",
      },
      {
        "isConstant": true,
        "name": "CUBE",
        "type": "uint8",
        "value": 1,
        "valueText": "1",
      },
      {
        "isConstant": true,
        "name": "SPHERE",
        "type": "uint8",
        "value": 2,
        "valueText": "2",
      },
      {
        "isConstant": true,
        "name": "CYLINDER",
        "type": "uint8",
        "value": 3,
        "valueText": "3",
      },
      {
        "isConstant": true,
        "name": "LINE_STRIP",
        "type": "uint8",
        "value": 4,
        "valueText": "4",
      },
      {
        "isConstant": true,
        "name": "LINE_LIST",
        "type": "uint8",
        "value": 5,
        "valueText": "5",
      },
      {
        "isConstant": true,
        "name": "CUBE_LIST",
        "type": "uint8",
        "value": 6,
        "valueText": "6",
      },
      {
        "isConstant": true,
        "name": "SPHERE_LIST",
        "type": "uint8",
        "value": 7,
        "valueText": "7",
      },
      {
        "isConstant": true,
        "name": "POINTS",
        "type": "uint8",
        "value": 8,
        "valueText": "8",
      },
      {
        "isConstant": true,
        "name": "TEXT_VIEW_FACING",
        "type": "uint8",
        "value": 9,
        "valueText": "9",
      },
      {
        "isConstant": true,
        "name": "MESH_RESOURCE",
        "type": "uint8",
        "value": 10,
        "valueText": "10",
      },
      {
        "isConstant": true,
        "name": "TRIANGLE_LIST",
        "type": "uint8",
        "value": 11,
        "valueText": "11",
      },
      {
        "isConstant": true,
        "name": "ADD",
        "type": "uint8",
        "value": 0,
        "valueText": "0",
      },
      {
        "isConstant": true,
        "name": "MODIFY",
        "type": "uint8",
        "value": 0,
        "valueText": "0",
      },
      {
        "isConstant": true,
        "name": "DELETE",
        "type": "uint8",
        "value": 2,
        "valueText": "2",
      },
      {
        "isConstant": true,
        "name": "DELETEALL",
        "type": "uint8",
        "value": 3,
        "valueText": "3",
      },
      {
        "isArray": false,
        "isComplex": true,
        "name": "header",
        "type": "std_msgs/Header",
      },
      {
        "isArray": false,
        "isComplex": false,
        "name": "ns",
        "type": "string",
      },
      {
        "isArray": false,
        "isComplex": false,
        "name": "id",
        "type": "int32",
      },
      {
        "isArray": false,
        "isComplex": false,
        "name": "type",
        "type": "int32",
      },
      {
        "isArray": false,
        "isComplex": false,
        "name": "action",
        "type": "int32",
      },
      {
        "isArray": false,
        "isComplex": true,
        "name": "pose",
        "type": "geometry_msgs/Pose",
      },
      {
        "isArray": false,
        "isComplex": true,
        "name": "scale",
        "type": "geometry_msgs/Vector3",
      },
      {
        "isArray": false,
        "isComplex": true,
        "name": "color",
        "type": "std_msgs/ColorRGBA",
      },
      {
        "isArray": false,
        "isComplex": false,
        "name": "lifetime",
        "type": "duration",
      },
      {
        "isArray": false,
        "isComplex": false,
        "name": "frame_locked",
        "type": "bool",
      },
      {
        "isArray": true,
        "isComplex": true,
        "name": "points",
        "type": "geometry_msgs/Point",
      },
      {
        "isArray": true,
        "isComplex": true,
        "name": "colors",
        "type": "std_msgs/ColorRGBA",
      },
      {
        "isArray": false,
        "isComplex": false,
        "name": "text",
        "type": "string",
      },
      {
        "isArray": false,
        "isComplex": false,
        "name": "mesh_resource",
        "type": "string",
      },
      {
        "isArray": false,
        "isComplex": false,
        "name": "mesh_use_embedded_materials",
        "type": "bool",
      },
    ],
    "name": "visualization_msgs/Marker",
  },
  {
    "definitions": [
      {
        "isArray": false,
        "isComplex": false,
        "name": "x",
        "type": "float64",
      },
      {
        "isArray": false,
        "isComplex": false,
        "name": "y",
        "type": "float64",
      },
      {
        "isArray": false,
        "isComplex": false,
        "name": "z",
        "type": "float64",
      },
    ],
    "name": "geometry_msgs/Point",
  },
  {
    "definitions": [
      {
        "isArray": false,
        "isComplex": false,
        "name": "r",
        "type": "float32",
      },
      {
        "isArray": false,
        "isComplex": false,
        "name": "g",
        "type": "float32",
      },
      {
        "isArray": false,
        "isComplex": false,
        "name": "b",
        "type": "float32",
      },
      {
        "isArray": false,
        "isComplex": false,
        "name": "a",
        "type": "float32",
      },
    ],
    "name": "std_msgs/ColorRGBA",
  },
  {
    "definitions": [
      {
        "isArray": false,
        "isComplex": false,
        "name": "x",
        "type": "float64",
      },
      {
        "isArray": false,
        "isComplex": false,
        "name": "y",
        "type": "float64",
      },
      {
        "isArray": false,
        "isComplex": false,
        "name": "z",
        "type": "float64",
      },
    ],
    "name": "geometry_msgs/Vector3",
  },
  {
    "definitions": [
      {
        "isArray": false,
        "isComplex": true,
        "name": "position",
        "type": "geometry_msgs/Point",
      },
      {
        "isArray": false,
        "isComplex": true,
        "name": "orientation",
        "type": "geometry_msgs/Quaternion",
      },
    ],
    "name": "geometry_msgs/Pose",
  },
  {
    "definitions": [
      {
        "isArray": false,
        "isComplex": false,
        "name": "x",
        "type": "float64",
      },
      {
        "isArray": false,
        "isComplex": false,
        "name": "y",
        "type": "float64",
      },
      {
        "isArray": false,
        "isComplex": false,
        "name": "z",
        "type": "float64",
      },
      {
        "isArray": false,
        "isComplex": false,
        "name": "w",
        "type": "float64",
      },
    ],
    "name": "geometry_msgs/Quaternion",
  },
  {
    "definitions": [
      {
        "isArray": false,
        "isComplex": false,
        "name": "seq",
        "type": "uint32",
      },
      {
        "isArray": false,
        "isComplex": false,
        "name": "stamp",
        "type": "time",
      },
      {
        "isArray": false,
        "isComplex": false,
        "name": "frame_id",
        "type": "string",
      },
    ],
    "name": "std_msgs/Header",
  },
]
`;
